
> coreinventory@0.1.0 build
> next build

Γû▓ Next.js 16.1.6 (Turbopack)
- Environments: .env

node.exe : ΓÜá The "middleware" file convention is deprecated. Please use 
"proxy" instead. Learn more: 
https://nextjs.org/docs/messages/middleware-to-proxy
At line:1 char:1
+ & "C:\Program Files\nodejs/node.exe" "C:\Program Files\nodejs/node_mo ...
+ ~~~~~~~~~~~~~~~~~~~~~~~~~~~~~~~~~~~~~~~~~~~~~~~~~~~~~~~~~~~~~~~~~~~~~
    + CategoryInfo          : NotSpecified: (ΓÜá The "middle...leware-to-proxy 
   :String) [], RemoteException
    + FullyQualifiedErrorId : NativeCommandError
 
  Creating an optimized production build ...
Γ£ô Compiled successfully in 6.1s
  Running TypeScript ...
Failed to compile.

./src/app/(dashboard)/products/[id]/page.tsx:62:47
Type error: Property 'id' does not exist on type '{}'.

[0m [90m 60 |[39m   [36mconst[39m router [33m=[39m 
useRouter()[33m;[39m
 [90m 61 |[39m   [90m// Unwrap params depending on the Next.js version or 
fallback[39m
[31m[1m>[22m[39m[90m 62 |[39m   [36mconst[39m idFromProp [33m=[39m 
[33mReact[39m[33m.[39muse(props[33m.[39mparams)[33m?[39m[33m.[39mid 
[33m||[39m props[33m?[39m[33m.[39mparams[33m?[39m[33m.[39mid 
[33m||[39m [32m"1"[39m[33m;[39m
 [90m    |[39m                                               
[31m[1m^[22m[39m
 [90m 63 |[39m   
 [90m 64 |[39m   [36mconst[39m originalProduct [33m=[39m 
demoProducts[33m.[39mfind(p [33m=>[39m p[33m.[39mid [33m===[39m 
idFromProp) [33m||[39m demoProducts[[35m0[39m][33m;[39m
 [90m 65 |[39m   [0m
Next.js build worker exited with code: 1 and signal: null
